============================================================
  Generated by:           Genus(TM) Synthesis Solution 21.14-s082_1
  Generated on:           Sep 30 2026  12:11:26 pm
  Module:                 shift_register_4bit_top
  Operating conditions:   slow (balanced_tree)
  Wireload mode:          enclosed
  Area mode:              timing library
============================================================

        Instance                  Module           Cell Count  Cell Area  Net Area   Total Area   Wireload  
------------------------------------------------------------------------------------------------------------
shift_register_4bit_top                                    16    558.835     0.000      558.835 <none> (D)  
  ASYNC_SHIFT           shift_register_4bit_async           8    306.029     0.000      306.029 <none> (D)  
    DFF0                dff_async_reset_4                   2     76.507     0.000       76.507 <none> (D)  
    DFF1                dff_async_reset_5                   2     76.507     0.000       76.507 <none> (D)  
    DFF2                dff_async_reset_6                   2     76.507     0.000       76.507 <none> (D)  
    DFF3                dff_async_reset                     2     76.507     0.000       76.507 <none> (D)  
  SYNC_SHIFT            shift_register_4bit_sync            8    252.806     0.000      252.806 <none> (D)  
    DFF0                dff_sync_reset_7                    2     63.202     0.000       63.202 <none> (D)  
    DFF1                dff_sync_reset_8                    2     63.202     0.000       63.202 <none> (D)  
    DFF2                dff_sync_reset_9                    2     63.202     0.000       63.202 <none> (D)  
    DFF3                dff_sync_reset                      2     63.202     0.000       63.202 <none> (D)  
  (D) = wireload is default in technology library
