============================================================
  Generated by:           Genus(TM) Synthesis Solution 21.14-s082_1
  Generated on:           Sep 30 2026  12:11:26 pm
  Module:                 shift_register_4bit_top
  Operating conditions:   slow (balanced_tree)
  Wireload mode:          enclosed
  Area mode:              timing library
============================================================

                             
  Gate    Instances   Area    Library  
---------------------------------------
DFFRHQX1          2  139.709    tsmc18 
DFFRHQXL          2  139.709    tsmc18 
DFFTRXL           4  226.195    tsmc18 
INVX1             4   26.611    tsmc18 
INVXL             4   26.611    tsmc18 
---------------------------------------
total            16  558.835           


                                        
     Type      Instances   Area  Area % 
----------------------------------------
sequential             8 505.613   90.5 
inverter               8  53.222    9.5 
physical_cells         0   0.000    0.0 
----------------------------------------
total                 16 558.835  100.0 

