============================================================
  Generated by:           Genus(TM) Synthesis Solution 21.14-s082_1
  Generated on:           Sep 30 2026  12:11:26 pm
  Module:                 shift_register_4bit_top
  Operating conditions:   slow (balanced_tree)
  Wireload mode:          enclosed
  Area mode:              timing library
============================================================

 
  Hierarchy Report Format : 
 
    level instance ( module ) <status>
 
    status :    preserve_<value> -- indicating preserve hierachy or inherited_preserve value
           :    blackbox --  indicating  unresolved instance
 
==================================================================

 0 shift_register_4bit_top
  1 ASYNC_SHIFT ( shift_register_4bit_async ) 
     2 DFF0 ( dff_async_reset_4 ) 
     2 DFF1 ( dff_async_reset_5 ) 
     2 DFF2 ( dff_async_reset_6 ) 
     2 DFF3 ( dff_async_reset ) 
  1 SYNC_SHIFT ( shift_register_4bit_sync ) 
     2 DFF0 ( dff_sync_reset_7 ) 
     2 DFF1 ( dff_sync_reset_8 ) 
     2 DFF2 ( dff_sync_reset_9 ) 
     2 DFF3 ( dff_sync_reset ) 
