============================================================
  Generated by:           Genus(TM) Synthesis Solution 21.14-s082_1
  Generated on:           Sep 30 2026  12:11:26 pm
  Module:                 shift_register_4bit_top
  Operating conditions:   slow (balanced_tree)
  Wireload mode:          enclosed
  Area mode:              timing library
============================================================


Path 1: MET (7721 ps) Setup Check with Pin SYNC_SHIFT/DFF3/q_reg/CK->D
          Group: clk
     Startpoint: (R) reset_sync
          Clock: (R) clk
       Endpoint: (F) SYNC_SHIFT/DFF3/q_reg/D
          Clock: (R) clk

                     Capture       Launch     
        Clock Edge:+   10000            0     
        Drv Adjust:+       0            0     
       Src Latency:+       0            0     
       Net Latency:+       0 (I)        0 (I) 
           Arrival:=   10000            0     
                                              
             Setup:-     246                  
       Uncertainty:-    1000                  
     Required Time:=    8754                  
      Launch Clock:-       0                  
       Input Delay:-    1000                  
         Data Path:-      33                  
             Slack:=    7721                  

Exceptions/Constraints:
  input_delay             1000            constraints_top.sdc_line_5 

#------------------------------------------------------------------------------------------------
#      Timing Point       Flags   Arc   Edge   Cell     Fanout Load Trans Delay Arrival Instance 
#                                                              (fF)  (ps)  (ps)   (ps)  Location 
#------------------------------------------------------------------------------------------------
  reset_sync              -       -     R     (arrival)      4 14.0     0     0    1000    (-,-) 
  SYNC_SHIFT/DFF3/g4/Y    -       A->Y  F     INVX1          1  2.8    32    33    1033    (-,-) 
  SYNC_SHIFT/DFF3/q_reg/D <<<     -     F     DFFTRXL        1    -     -     0    1033    (-,-) 
#------------------------------------------------------------------------------------------------

